exports[`<Navbar /> should render with default props 1`] = `
<div>
  <Header
    align="center"
    direction="row"
    justify="between"
    pad={
      Object {
        "between": "small",
        "horizontal": "none",
        "vertical": "none",
      }
    }
    responsive={false}>
    <Title
      responsive={true}
      truncate={true}>
      <styled.img
        alt="logo"
        src={Object {}} />
    </Title>
    <Styled(Menu)
      align="center"
      direction="row"
      inline={true}
      responsive={false}>
      <Anchor
        className="active"
        href="/"
        method="push"
        tag="a">
        Home
      </Anchor>
      <Anchor
        className=""
        href="/about"
        method="push"
        tag="a">
        About
      </Anchor>
      <Search
        align="left"
        dropAlign={
          Object {
            "right": "right",
          }
        }
        iconAlign="end"
        inline={false}
        responsive={true} />
    </Styled(Menu)>
  </Header>
</div>
`;
